BL51 BANKED LINKER/LOCATER V6.22.2.0                                                    04/21/2021  11:09:17  PAGE 1


BL51 BANKED LINKER/LOCATER V6.22.2.0, INVOKED BY:
C:\KEIL_V5\C51\BIN\BL51.EXE .\Objects\test_YCS.obj TO .\Objects\test_YCS PRINT (.\Listings\test_YCS.m51)


INPUT MODULES INCLUDED:
  .\Objects\test_YCS.obj (TEST_YCS)


LINK MAP OF MODULE:  .\Objects\test_YCS (TEST_YCS)


            TYPE    BASE      LENGTH    RELOCATION   SEGMENT NAME
            -----------------------------------------------------

            * * * * * * *   D A T A   M E M O R Y   * * * * * * *
            REG     0000H     0008H     ABSOLUTE     "REG BANK 0"

            * * * * * * *   C O D E   M E M O R Y   * * * * * * *
            CODE    0000H     003FH     ABSOLUTE     



SYMBOL TABLE OF MODULE:  .\Objects\test_YCS (TEST_YCS)

  VALUE           TYPE          NAME
  ----------------------------------

  -------         MODULE        TEST_YCS
  C:000BH         SYMBOL        BACK
  C:0030H         SYMBOL        TABLE
  C:0000H         LINE#         2
  C:0003H         LINE#         3
  C:0005H         LINE#         4
  C:0007H         LINE#         5
  C:0009H         LINE#         6
  C:000BH         LINE#         7
  C:000CH         LINE#         8
  C:000DH         LINE#         9
  C:000EH         LINE#         10
  C:000FH         LINE#         11
  C:0010H         LINE#         12
  C:0011H         LINE#         13
  C:0012H         LINE#         14
  C:0013H         LINE#         15
  C:0014H         LINE#         16
  C:0016H         LINE#         17
  C:0018H         LINE#         19
  C:0019H         LINE#         20
  C:001BH         LINE#         21
  -------         ENDMOD        TEST_YCS

******************************************************************************
* RESTRICTED VERSION WITH 0800H BYTE CODE SIZE LIMIT; USED: 002CH BYTE ( 2%) *
******************************************************************************

Program Size: data=8.0 xdata=0 code=63
LINK/LOCATE RUN COMPLETE.  0 WARNING(S),  0 ERROR(S)
